[marpel.net/resimler/marpel.png]
[backblue.gif]
[fade.gif]
[index.html]
[pro.fontawesome.com/releases/v5.12.0/css/all.css]
[cdn.jsdelivr.net/npm/fork-awesome@1.1.7/css/fork-awesome.min.css]
[marpel.net/marpel.png]
[marpel.net/index.html]
[pro.fontawesome.com/releases/v5.12.0/css/all.css]
[cdn.jsdelivr.net/npm/fork-awesome@1.1.7/css/fork-awesome.min.css]
[marpel.net/css/style.css]
[cdn.jsdelivr.net/npm/jquery@3.5.1/dist/jquery.slim.min.js]
[marpel.net/resimler/ikon1.png]
[marpel.net/resimler/ikon2.png]
[marpel.net/resimler/ikon4.png]
[marpel.net/resimler/ikon6.png]
[marpel.net/resimler/ikon7.png]
[marpel.net/tanitimlar.html]
[marpel.net/resimler/komutlar.png]
[marpel.net/resimler/moderasyon.png]
[marpel.net/resimler/extra.png]
[marpel.net/resimler/rank.png]
[marpel.net/resimler/eglence.png]
[marpel.net/komutlar.html]
[yagami.xyz/content/cache/wpfc-minified/lnvmk1nw/e4nk5.css]
[yagami.xyz/content/uploads/elementor/css/post-11837f062.css]
[code.jquery.com/jquery-3.4.1.js]
[static.codepen.io/assets/common/stopExecutionOnTimeout-157cd5b220a5c80d4ff8e0e70ac069bffd87a61252088146915e8726e5d9f147.js]
[cdnjs.cloudflare.com/ajax/libs/jquery/3.1.0/jquery.min.js]
[cdnjs.cloudflare.com/ajax/libs/tether/1.4.0/js/tether.min.js]
[maxcdn.bootstrapcdn.com/bootstrap/4.0.0-alpha.6/js/bootstrap.min.js]
[cdnjs.cloudflare.com/ajax/libs/highlight.js/9.9.0/highlight.min.js]
[cdn.rawgit.com/google/code-prettify/master/loader/run_prettify83b9.js]
[marpel.net/embed.html]
[marpel.net/css/komutlar.css]
[marpel.net/resimler/çekiliş.ico]
[marpel.net/resimler/abc.png]
[marpel.net/tanitim/cekilis.html]
[marpel.net/resimler/istatistik.png]
[marpel.net/resimler/youtube.png]
[marpel.net/resimler/minecraft.png]
[marpel.net/resimler/discord.png]
[marpel.net/tanitim/istatistik.html]
[marpel.net/resimler/ranktanitim.png]
[marpel.net/tanitim/rank.html]
[marpel.net/resimler/davetikoncuk.png]
[marpel.net/resimler/davet.png]
[marpel.net/tanitim/davet.html]
[marpel.net/resimler/reactionrole.png]
[marpel.net/tanitim/tepkirol.html]
[marpel.net/util/komutlar.js]
[marpel.net/komutlar/komutlar.html]
[marpel.net/komutlar/moderasyon.html]
[marpel.net/komutlar/extra.html]
[marpel.net/komutlar/rank.html]
[marpel.net/komutlar/eglence.html]
[marpel.net/marpel.net/embed.html]
[yagami.xyz/content/cache/wpfc-minified/lnvmk1nw/e4nk5.css]
[yagami.xyz/content/uploads/elementor/css/post-11837f062.css]
[marpel.net/alert/dist/sweetalert.html]
[marpel.net/alert/dist/sweetalert-dev.html]
[marpel.net/ajax.html]
[marpel.net/tanitim/css/style.html]
[marpel.net/resimler/istatistik4.png]
[marpel.net/resimler/istatistik5.png]
[marpel.net/resimler/istatistik6.png]
[marpel.net/tanitim/istatistikyoutube.html]
[marpel.net/resimler/istatistikmcaktifüye.png]
[marpel.net/tanitim/istatistikminecraft.html]
[marpel.net/resimler/istatistik1.png]
[marpel.net/resimler/istatistik2.png]
[marpel.net/resimler/istatistikaktifyönetici.png]
[marpel.net/resimler/istatistikaktifgörevli.png]
[marpel.net/resimler/istatistikrolüye.png]
[marpel.net/tanitim/istatistikdiscord.html]
[marpel.net/komutlar/css/style.html]
[marpel.net/resimler/arkaplan.png]
[marpel.net/resimler/youtube.ico]
[marpel.net/resimler/youtube1.png]
[marpel.net/resimler/youtube2.png]
[marpel.net/ytkanalid.html]
